<html>
<body>
<pre>
<h1>µVision Build Log</h1>
<h2>Project:</h2>
D:\Lophilo\mboot-mini\mboot.uvproj
Project File Date:  05/22/2012

<h2>Output:</h2>
Build target 'mboot'
compiling main.c...
compiling init_hw.c...
assembling init_boot.s...
compiling dbgu.c...
compiling cp15.c...
assembling cp15_init.s...
compiling trace.c...
compiling system.c...
compiling shell.c...
compiling bootx.c...
compiling aic.c...
compiling diskio.c...
compiling dma.c...
compiling dmad.c...
atmel\dmad.c(128): warning:  #550-D: variable "status" was set but never used
compiling ff.c...
compiling math.c...
compiling mci_hs.c...
compiling Media.c...
compiling MEDSdcard.c...
atmel\MEDSdcard.c(657): warning:  #550-D: variable "error" was set but never used
atmel\MEDSdcard.c(681): warning:  #550-D: variable "error" was set but never used
compiling pmc.c...
compiling sdmmc_mci.c...
linking...
Program Size: Code=41496 RO-data=892 RW-data=32 ZI-data=9212  
User command #1: fromelf.exe --bin -o  .\output\mboot.bin D:\Lophilo\mboot-mini\output\mboot.axf
".\output\mboot.axf" - 0 Error(s), 3 Warning(s).
Build target 'mboot'
compiling main.c...
main.c(174): warning:  #177-D: variable "j" was declared but never referenced
linking...
Program Size: Code=40452 RO-data=892 RW-data=28 ZI-data=9212  
User command #1: fromelf.exe --bin -o  .\output\mboot.bin D:\Lophilo\mboot-mini\output\mboot.axf
".\output\mboot.axf" - 0 Error(s), 1 Warning(s).
Build target 'mboot'
compiling main.c...
linking...
Program Size: Code=41496 RO-data=892 RW-data=32 ZI-data=9212  
User command #1: fromelf.exe --bin -o  .\output\mboot.bin D:\Lophilo\mboot-mini\output\mboot.axf
".\output\mboot.axf" - 0 Error(s), 0 Warning(s).
